// Jest Snapshot v1, https://goo.gl/fbAQLP

exports[`Gallery test Gallery Snapshot test 1`] = `
<DocumentFragment>
  <h1>
    Item-Gallery
  </h1>
  <div
    item="[object Object]"
  />
  <div
    item="[object Object]"
  />
</DocumentFragment>
`;
